
[TestEndToEnd/TestQuery - 1]
{
 "alignments": [
  {
   "abbr": "LG",
   "desc": [
    "Lawful good (LG) creatures can be counted on to do the right thing as expected by society. Gold dragons, paladins, and most dwarves are lawful good."
   ],
   "indx": "lawful-good",
   "name": "Lawful Good"
  },
  {
   "abbr": "NG",
   "desc": [
    "Neutral good (NG) folk do the best they can to help others according to their needs. Many celestials, some cloud giants, and most gnomes are neutral good."
   ],
   "indx": "neutral-good",
   "name": "Neutral Good"
  },
  {
   "abbr": "CG",
   "desc": [
    "Chaotic good (CG) creatures act as their conscience directs, with little regard for what others expect. Copper dragons, many elves, and unicorns are chaotic good."
   ],
   "indx": "chaotic-good",
   "name": "Chaotic Good"
  },
  {
   "abbr": "LN",
   "desc": [
    "Lawful neutral (LN) individuals act in accordance with law, tradition, or personal codes. Many monks and some wizards are lawful neutral."
   ],
   "indx": "lawful-neutral",
   "name": "Lawful Neutral"
  },
  {
   "abbr": "N",
   "desc": [
    "Neutral (N) is the alignment of those who prefer to steer clear of moral questions and don't take sides, doing what seems best at the time. Lizardfolk, most druids, and many humans are neutral."
   ],
   "indx": "neutral",
   "name": "Neutral"
  },
  {
   "abbr": "CN",
   "desc": [
    "Chaotic neutral (CN) creatures follow their whims, holding their personal freedom above all else. Many barbarians and rogues, and some bards, are chaotic neutral."
   ],
   "indx": "chaotic-neutral",
   "name": "Chaotic Neutral"
  },
  {
   "abbr": "LE",
   "desc": [
    "Lawful evil (LE) creatures methodically take what they want, within the limits of a code of tradition, loyalty, or order. Devils, blue dragons, and hobgoblins are lawful evil."
   ],
   "indx": "lawful-evil",
   "name": "Lawful Evil"
  },
  {
   "abbr": "NE",
   "desc": [
    "Neutral evil (NE) is the alignment of those who do whatever they can get away with, without compassion or qualms. Many drow, some cloud giants, and goblins are neutral evil."
   ],
   "indx": "neutral-evil",
   "name": "Neutral Evil"
  },
  {
   "abbr": "CE",
   "desc": [
    "Chaotic evil (CE) creatures act with arbitrary violence, spurred by their greed, hatred, or bloodlust. Demons, red dragons, and orcs are chaotic evil."
   ],
   "indx": "chaotic-evil",
   "name": "Chaotic Evil"
  }
 ]
}
---
